\BOOKMARK [0][-]{chapter*.1}{\376\377\144\130\211\201}{}% 1
\BOOKMARK [0][-]{chapter*.2}{\376\377\000A\000B\000S\000T\000R\000A\000C\000T}{}% 2
\BOOKMARK [0][-]{chapter.1}{\376\377\176\352\213\272}{}% 3
\BOOKMARK [1][-]{section.1.1}{\376\377\170\024\172\166\200\314\146\157\116\016\141\017\116\111}{chapter.1}% 4
\BOOKMARK [1][-]{section.1.2}{\376\377\126\375\121\205\131\026\170\024\172\166\163\260\162\266}{chapter.1}% 5
\BOOKMARK [2][-]{subsection.1.2.1}{\376\377\155\101\126\372\200\046\124\010\116\377\167\037}{section.1.2}% 6
\BOOKMARK [2][-]{subsection.1.2.2}{\376\377\162\151\215\050\160\271\154\325}{section.1.2}% 7
\BOOKMARK [2][-]{subsection.1.2.3}{\376\377\201\352\220\002\136\224\162\151\164\006\152\041\142\337\145\271\154\325}{section.1.2}% 8
\BOOKMARK [1][-]{section.1.3}{\376\377\170\024\172\166\166\356\150\007\124\214\121\205\133\271}{chapter.1}% 9
\BOOKMARK [1][-]{section.1.4}{\376\377\213\272\145\207\176\304\176\307\176\323\147\204}{chapter.1}% 10
\BOOKMARK [0][-]{chapter.2}{\376\377\166\370\121\163\151\202\137\365\123\312\142\200\147\057}{}% 11
\BOOKMARK [1][-]{section.2.1}{\376\377\147\054\147\204\152\041\127\213}{chapter.2}% 12
\BOOKMARK [1][-]{section.2.2}{\376\377\162\151\215\050\160\271\154\325}{chapter.2}% 13
\BOOKMARK [2][-]{subsection.2.2.1}{\376\377\154\102\211\343\153\145\232\244}{section.2.2}% 14
\BOOKMARK [2][-]{subsection.2.2.2}{\376\377\174\222\133\120\177\121\150\074\117\040\217\223\145\271\137\017}{section.2.2}% 15
\BOOKMARK [1][-]{section.2.3}{\376\377\172\172\225\364\172\000\165\217\176\323\147\204}{chapter.2}% 16
\BOOKMARK [2][-]{subsection.2.3.1}{\376\377\000O\000p\000e\000n\000V\000D\000B}{section.2.3}% 17
\BOOKMARK [2][-]{subsection.2.3.2}{\376\377\000S\000P\000G\000r\000i\000d}{section.2.3}% 18
\BOOKMARK [0][-]{chapter.3}{\376\377\127\372\116\216\227\136\217\336\176\355\220\037\136\246\127\072\166\204\155\101\126\372\200\046\124\010\116\377\167\037}{}% 19
\BOOKMARK [1][-]{section.3.1}{\376\377\174\222\133\120\116\016\177\121\150\074\166\204\121\174\133\271\140\047}{chapter.3}% 20
\BOOKMARK [1][-]{section.3.2}{\376\377\174\222\133\120\000-\177\121\150\074\117\040\217\223\173\227\154\325}{chapter.3}% 21
\BOOKMARK [2][-]{subsection.3.2.1}{\376\377\000D\000C\000-\000A\000P\000I\000C\174\222\133\120\122\060\177\121\150\074\117\040\217\223\173\227\154\325}{section.3.2}% 22
\BOOKMARK [2][-]{subsection.3.2.2}{\376\377\000D\000C\000-\000A\000P\000I\000C\177\121\150\074\122\060\174\222\133\120\117\040\217\223\173\227\154\325}{section.3.2}% 23
\BOOKMARK [1][-]{section.3.3}{\376\377\127\372\116\216\000D\000C\000-\000A\000P\000I\000C\117\040\217\223\173\227\154\325\166\204\000M\000P\000M\135\345\117\134\155\101\172\013}{chapter.3}% 24
\BOOKMARK [2][-]{subsection.3.3.1}{\376\377\165\114\227\142\117\341\140\157\213\241\173\227}{section.3.3}% 25
\BOOKMARK [2][-]{subsection.3.3.2}{\376\377\154\325\124\021\221\317\117\060\213\241}{section.3.3}% 26
\BOOKMARK [1][-]{section.3.4}{\376\377\133\236\232\214\176\323\147\234\116\016\122\006\147\220}{chapter.3}% 27
\BOOKMARK [1][-]{section.3.5}{\376\377\147\054\172\340\134\017\202\202}{chapter.3}% 28
\BOOKMARK [0][-]{chapter.4}{\376\377\127\372\116\216\136\177\116\111\143\322\120\074\162\151\215\050\160\271\154\325\166\204\232\330\174\276\136\246\155\101\126\372\165\114\227\142\116\377\167\037}{}% 29
\BOOKMARK [1][-]{section.4.1}{\376\377\201\352\220\002\136\224\136\177\116\111\143\322\120\074\162\151\215\050\160\271\154\325}{chapter.4}% 30
\BOOKMARK [2][-]{subsection.4.1.1}{\376\377\136\177\116\111\143\322\120\074\162\151\215\050\160\271\154\325}{section.4.1}% 31
\BOOKMARK [2][-]{subsection.4.1.2}{\376\377\201\352\220\002\136\224\127\372\121\375\145\160}{section.4.1}% 32
\BOOKMARK [2][-]{subsection.4.1.3}{\376\377\131\032\134\102\177\121\150\074\143\322\120\074}{section.4.1}% 33
\BOOKMARK [1][-]{section.4.2}{\376\377\201\352\220\002\136\224\000D\000C\000-\000A\000P\000I\000C\171\357\122\006\126\150}{chapter.4}% 34
\BOOKMARK [2][-]{subsection.4.2.1}{\376\377\201\352\220\002\136\224\154\325\176\277\124\214\121\174\133\271\140\047\213\241\173\227}{section.4.2}% 35
\B